// Jest Snapshot v1, https://goo.gl/fbAQLP

exports[`should render login page without errors 1`] = `
<div>
  <h3>
    Budget App
  </h3>
  <p>
    It's time to get your expenses under control.
  </p>
  <button>
    Login with Google
  </button>
</div>
`;
